// Jest Snapshot v1, https://goo.gl/fbAQLP

exports[`<Input /> should renders correct <Input /> 1`] = `
<input
  className="input"
/>
`;
